Running 7 tests
In BadTest::testEquality:
test/BadTest.h:15: Error: Expected (1 == 2), found (1 != 2)
test/BadTest.h:16: Error: Expected ('a' == 'A'), found ('a' != 'A')
test/BadTest.h:17: Error: Expected (1.0 == -12345678900000000000000000000000000000000000000000.1234), found (1.0000 != -1.2345E50)
In BadTest::testAddition:
test/BadTest.h:23: Error: Expected (2 + 2 == 5), found (4 != 5)
In BadTest::TestMultiplication:
test/BadTest.h:29: Error: Expected (4 * 4 == 44), found (16 != 44)
test/BadTest.h:30: Error: Expected (-2 * -2 != 4), found (4)
In BadTest::testComparison:
test/BadTest.h:36: Error: Expected (-1 < -2), found (-1 >= -2)
In BadTest::testTheWorldIsCrazy:
test/BadTest.h:41: Error: Expected (true == false), found (true != false)
In BadTest::test_Failure:
test/BadTest.h:46: Error: Test failed: Not implemented
test/BadTest.h:47: Error: Test failed: 1569779912
In BadTest::test_TS_WARN_macro:
test/BadTest.h:52: Warning: Just a friendly warning
test/BadTest.h:53: Warning: Warnings don't abort the test
.
Failed 6 of 7 tests
Success rate: 14%
Error level = 6
