Running 1 test
In Comments::test_Something:
test/Comments2.h:12: Warning: Something
.OK!
Error level = 0
