Running 1 test
In IncludesTest::testTraits:
test/IncludeTest.h:12: Warning: (void *)
test/IncludeTest.h:13: Warning: (long *)
.OK!
Error level = 0
