Number of suites: 1
Number of tests: 7
Number of failed tests: 6
Error level = 0
