Running 35 tests
In LessThanEquals::testLessThanEquals:
test/LessThanEquals.h:16: Error: Expected (1 <= 0), found (1 > 0)
test/LessThanEquals.h:17: Error: Test failed: 1 <=? 0
test/LessThanEquals.h:17: Error: Expected (1 <= 0), found (1 > 0)
test/LessThanEquals.h:19: Error: Expected (1 < 0), found (1 >= 0)
test/LessThanEquals.h:20: Error: Test failed: 1 <=? 0
test/LessThanEquals.h:20: Error: Expected (1 <= 0), found (1 > 0)
In Relation::testPredicate:
test/Relation.h:19: Error: Expected MyNegative( 1 ), found !MyNegative( 1 )
test/Relation.h:20: Error: Test failed: 1 <? 0
test/Relation.h:20: Error: Expected MyNegative( 1 ), found !MyNegative( 1 )
test/Relation.h:22: Warning: 1
test/Relation.h:24: Warning: 1
In Relation::testRelation:
test/Relation.h:29: Error: Expected MyLess<int>( 2, 1 ), found !MyLess<int>( 2, 1 )
test/Relation.h:30: Error: Test failed: 2 <? 1
test/Relation.h:30: Error: Expected MyLess<int>( 2, 1 ), found !MyLess<int>( 2, 1 )
test/Relation.h:32: Warning: 1
test/Relation.h:34: Warning: 1
In DefaultTraits::testSmallDefaultTraits:
test/DefaultTraits.h:21: Error: Test failed: { 00 01 02 03 04 05 06 07  }
In DefaultTraits::testBigDefaultTraits:
test/DefaultTraits.h:35: Error: Test failed: { 98 99 9A 9B 9C 9D 9E 9F ... }
In DoubleCall::testAssertEqualsWithSideEffects:
test/DoubleCall.h:21: Error: Expected (increment() == 3), found (1 != 3)
In DoubleCall::testAssertDiffersWithSideEffects:
test/DoubleCall.h:26: Error: Expected (increment() != 1), found (1)
In DoubleCall::testAssertDeltaWithSideEffects:
test/DoubleCall.h:31: Error: Expected (increment() == 2.0) up to 0.5 (0.5000), found (1 != 2.0000)
In SameData::testAssertSameData:
test/SameData.h:23: Error: Expected DATA_SIZE (24) bytes to be equal at (x) and (y), found:
   { 00 01 02 03 04 05 06 07 08 09 0A 0B 0C 0D 0E 0F 10 11 12 13 14 15 16 17 }
     differs from
   { FF FE FD FC FB FA F9 F8 F7 F6 F5 F4 F3 F2 F1 F0 EF EE ED EC EB EA E9 E8 }
In SameData::testAssertMessageSameData:
test/SameData.h:28: Error: Test failed: Not same data
test/SameData.h:28: Error: Expected DATA_SIZE (24) bytes to be equal at (x) and (y), found:
   { 00 01 02 03 04 05 06 07 08 09 0A 0B 0C 0D 0E 0F 10 11 12 13 14 15 16 17 }
     differs from
   { FF FE FD FC FB FA F9 F8 F7 F6 F5 F4 F3 F2 F1 F0 EF EE ED EC EB EA E9 E8 }
In SameData::testSafeAssertSameData:
test/SameData.h:33: Error: Expected DATA_SIZE (24) bytes to be equal at (x) and (y), found:
   { 00 01 02 03 04 05 06 07 08 09 0A 0B 0C 0D 0E 0F 10 11 12 13 14 15 16 17 }
     differs from
   { FF FE FD FC FB FA F9 F8 F7 F6 F5 F4 F3 F2 F1 F0 EF EE ED EC EB EA E9 E8 }
In SameData::testSafeAssertMessageSameData:
test/SameData.h:38: Error: Test failed: Not same data
test/SameData.h:38: Error: Expected DATA_SIZE (24) bytes to be equal at (x) and (y), found:
   { 00 01 02 03 04 05 06 07 08 09 0A 0B 0C 0D 0E 0F 10 11 12 13 14 15 16 17 }
     differs from
   { FF FE FD FC FB FA F9 F8 F7 F6 F5 F4 F3 F2 F1 F0 EF EE ED EC EB EA E9 E8 }
.
In SameFiles::testAssertFileShorter:
test/SameFiles.h:18: Error: File 'SameFiles.h' ended before file 'SameFilesLonger.h' (line 42)
=     }
=  };
= 
< 

In SameFiles::testAssertFileLonger:
test/SameFiles.h:23: Error: File 'SameFiles.h' ended before file 'SameFilesLonger.h' (line 42)
=     }
=  };
= 
> 

In SameFiles::testAssertMessageSameFiles:
test/SameFiles.h:28: Error: Test failed: Not same files
test/SameFiles.h:28: Error: Files 'SameFiles.h' and 'SameData.h' differ at line 4
= #include <cxxtest/TestSuite.h>
=  
= //
< // This test suite demonstrates TS_ASSERT_SAME_ATA

> // This test suite demonstrates TS_ASSERT_SAME_//

.
In SameFiles::testSafeAssertMessageSameFiles:
test/SameFiles.h:38: Error: Test failed: Not same files
test/SameFiles.h:38: Error: Files 'SameFiles.h' and 'SameData.h' differ at line 4
= #include <cxxtest/TestSuite.h>
=  
= //
< // This test suite demonstrates TS_ASSERT_SAME_ATA

> // This test suite demonstrates TS_ASSERT_SAME_//

In TestMessageMacros::testMessageMacros:
test/Tsm.h:15: Error: Test failed: String
test/Tsm.h:15: Error: Assertion failed: false
test/Tsm.h:16: Error: Test failed: 42
test/Tsm.h:16: Error: Assertion failed: false
test/Tsm.h:17: Error: Test failed: String
test/Tsm.h:17: Error: Expected (2 + 2 == 5), found (4 != 5)
test/Tsm.h:18: Error: Test failed: 42
test/Tsm.h:18: Error: Expected (2 + 2 == 5), found (4 != 5)
test/Tsm.h:19: Error: Test failed: String
test/Tsm.h:19: Error: Expected 1 (1) bytes to be equal at (&x) and (&y), found:
   { 78 }
     differs from
   { 79 }
test/Tsm.h:20: Error: Test failed: 42
test/Tsm.h:20: Error: Expected 1 (1) bytes to be equal at (&x) and (&y), found:
   { 78 }
     differs from
   { 79 }
test/Tsm.h:21: Error: Test failed: String
test/Tsm.h:21: Error: Expected (1.0 == 2.0) up to 0.5 (0.5000), found (1.0000 != 2.0000)
test/Tsm.h:22: Error: Test failed: 42
test/Tsm.h:22: Error: Expected (1.0 == 2.0) up to 0.5 (0.5000), found (1.0000 != 2.0000)
test/Tsm.h:23: Error: Test failed: String
test/Tsm.h:23: Error: Expected (0 != 0), found (0)
test/Tsm.h:24: Error: Test failed: 42
test/Tsm.h:24: Error: Expected (0 != 0), found (0)
test/Tsm.h:25: Error: Test failed: String
test/Tsm.h:25: Error: Expected (2 < 1), found (2 >= 1)
test/Tsm.h:26: Error: Test failed: 42
test/Tsm.h:26: Error: Expected (2 < 1), found (2 >= 1)
test/Tsm.h:27: Error: Test failed: String
test/Tsm.h:27: Error: Expected (throwNothing()) to throw (int) but it didn't throw
test/Tsm.h:28: Error: Test failed: 42
test/Tsm.h:28: Error: Expected (throwNothing()) to throw (int) but it didn't throw
test/Tsm.h:29: Error: Test failed: String
test/Tsm.h:29: Error: Expected (throwNothing()) to throw (...) but it didn't throw
test/Tsm.h:30: Error: Test failed: 42
test/Tsm.h:30: Error: Expected (throwNothing()) to throw (...) but it didn't throw
test/Tsm.h:31: Error: Test failed: String
test/Tsm.h:31: Error: Expected (throwInteger( n )) not to throw, but it did
test/Tsm.h:32: Error: Test failed: 42
test/Tsm.h:32: Error: Expected (throwInteger( n )) not to throw, but it did
test/Tsm.h:33: Error: Test failed: String
test/Tsm.h:33: Error: Expected (throwNothing()) to throw (int) but it didn't throw
test/Tsm.h:34: Error: Test failed: 42
test/Tsm.h:34: Error: Expected (throwNothing()) to throw (int) but it didn't throw
test/Tsm.h:35: Error: Test failed: String
test/Tsm.h:35: Error: Expected (throwNothing()) to throw (int) but it didn't throw
test/Tsm.h:36: Error: Test failed: 42
test/Tsm.h:36: Error: Expected (throwNothing()) to throw (int) but it didn't throw
test/Tsm.h:37: Error: Test failed: String
test/Tsm.h:37: Error: Expected (i == 43), found (42 != 43)
test/Tsm.h:38: Error: Test failed: 42
test/Tsm.h:38: Error: Expected (i == 43), found (42 != 43)
In TraitsTest::testIntegerTraits:
test/TraitsTest.h:13: Error: Test failed: 1
test/TraitsTest.h:14: Error: Test failed: '\x0F'
test/TraitsTest.h:15: Error: Test failed: -12
test/TraitsTest.h:16: Error: Test failed: 34
test/TraitsTest.h:17: Error: Test failed: -123
test/TraitsTest.h:18: Error: Test failed: 456
test/TraitsTest.h:19: Error: Test failed: -12345
test/TraitsTest.h:20: Error: Test failed: 67890
In TraitsTest::testFloatingPointTraits:
test/TraitsTest.h:25: Error: Test failed: 0.1234
test/TraitsTest.h:26: Error: Test failed: 0.1234
In TraitsTest::testBoolTraits:
test/TraitsTest.h:31: Error: Test failed: true
test/TraitsTest.h:32: Error: Test failed: false
In TraitsTest::testCharTraits:
test/TraitsTest.h:37: Error: Test failed: 'A'
test/TraitsTest.h:38: Error: Test failed: '\x04'
test/TraitsTest.h:39: Error: Test failed: '\x1B'
test/TraitsTest.h:40: Error: Test failed: '\0'
test/TraitsTest.h:41: Error: Test failed: '\r'
test/TraitsTest.h:42: Error: Test failed: '\n'
test/TraitsTest.h:43: Error: Test failed: '\b'
test/TraitsTest.h:44: Error: Test failed: '\t'
test/TraitsTest.h:45: Error: Test failed: '\a'
test/TraitsTest.h:46: Error: Test failed: '\xFB'
In TraitsTest::testStringTraits:
test/TraitsTest.h:51: Error: Test failed: (char *) is displayed as-is

In TraitsTest::testStdStringTraits:
test/TraitsTest.h:57: Error: Test failed: "std::string is displayed with \"\""
test/TraitsTest.h:58: Error: Test failed: "Escapes\rAre\rTranslated"
test/TraitsTest.h:59: Error: Test failed: "As are unprintable chars: \x124Vx"
..
In MockTest::test_Unimplemented:
test/MockTest.h:33: Error: Test failed: T::one( void ) called with no T::Base_one object
test/MockTest.h:129: Error: Expected (T::one() == 1), found (0 != 1)
.
In MockTest::test_Mock_traits:
test/MockTest.h:40: Error: Test failed: T::getOpaque( int i ) called with no T::Base_getOpaque object
test/MockTest.h:143: Error: Expected (T::getOpaque( 3 ).value == 72), found (42 != 72)
In MockTest::test_Override:
test/MockTest.h:33: Error: Test failed: T::one( void ) called with no T::Base_one object
test/MockTest.h:157: Error: Expected (T::one() == 1), found (0 != 1)
.
In MockTest::test_Unimplemented_supply:
test/MockTest.h:42: Error: Test failed: T::supplyOne( void ) called with no T::Base_supplyOne object
test/MockTest.h:168: Error: Expected (supplyOne() == 1), found (0 != 1)
.
In SameZero::test_TS_ASSERT_SAME_DATA_passed_zero:
test/SameZero.h:20: Error: Expected sizeof(data) (4) bytes to be equal at (data) and (0), found:
   { 00 01 02 03 }
     differs from
   (null)
test/SameZero.h:21: Error: Expected sizeof(data) (4) bytes to be equal at (0) and (data), found:
   (null)
     differs from
   { 00 01 02 03 }
Failed 28 of 35 tests
Success rate: 20%
Error level = 28
