Running 14 tests
In CreatedTest::test_nothing:
/Users/wehart/home/mac/src/github/cxxtest/sample/CreatedTest.h(24): Error: Test failed: Nothing to test
.
In EnumTraits::test_Enum_traits:
/Users/wehart/home/mac/src/github/cxxtest/sample/EnumTraits.h(30): Error: Test failed: Yes
/Users/wehart/home/mac/src/github/cxxtest/sample/EnumTraits.h(31): Error: Test failed: No
/Users/wehart/home/mac/src/github/cxxtest/sample/EnumTraits.h(32): Error: Test failed: Maybe
/Users/wehart/home/mac/src/github/cxxtest/sample/EnumTraits.h(33): Error: Test failed: DontKnow
/Users/wehart/home/mac/src/github/cxxtest/sample/EnumTraits.h(34): Error: Test failed: DontCare
/Users/wehart/home/mac/src/github/cxxtest/sample/EnumTraits.h(35): Error: Test failed: (Answer)1000
In ExceptionTest::testAssertion:
/Users/wehart/home/mac/src/github/cxxtest/sample/ExceptionTest.h(18): Error: Expected (throwThis(5)) to throw (const char *) but it threw something else
/Users/wehart/home/mac/src/github/cxxtest/sample/ExceptionTest.h(20): Error: Expected (goodFunction(1)) to throw (...) but it didn't throw
/Users/wehart/home/mac/src/github/cxxtest/sample/ExceptionTest.h(22): Error: Test failed: Unhandled exception
/Users/wehart/home/mac/src/github/cxxtest/sample/ExceptionTest.h(24): Error: Expected (throwThis(-1)) not to throw, but it did
/Users/wehart/home/mac/src/github/cxxtest/sample/ExceptionTest.h(29): Error: Test failed: throwThis(3) failed
In FixtureTest::test_strcpy:
/Users/wehart/home/mac/src/github/cxxtest/sample/FixtureTest.h(28): Error: Expected (_buffer[1] == 'E'), found ('e' != 'E')
In MessageTest::testValues:
/Users/wehart/home/mac/src/github/cxxtest/sample/MessageTest.h(21): Error: Test failed: My hovercraft
/Users/wehart/home/mac/src/github/cxxtest/sample/MessageTest.h(21): Error: Assertion failed: value != 0
/Users/wehart/home/mac/src/github/cxxtest/sample/MessageTest.h(22): Error: Test failed: of eels
/Users/wehart/home/mac/src/github/cxxtest/sample/MessageTest.h(22): Error: Expected (value == value * value), found (2 != 4)
In SimpleTest::testEquality:
/Users/wehart/home/mac/src/github/cxxtest/sample/SimpleTest.h(14): Error: Expected (1 == 2), found (1 != 2)
/Users/wehart/home/mac/src/github/cxxtest/sample/SimpleTest.h(15): Error: Expected ('a' == 'A'), found ('a' != 'A')
/Users/wehart/home/mac/src/github/cxxtest/sample/SimpleTest.h(16): Error: Expected (1.0 == -12345678900000000000000000000000000000000000000000.1234), found (1.0000 != -1.2345E50)
In SimpleTest::testAddition:
/Users/wehart/home/mac/src/github/cxxtest/sample/SimpleTest.h(21): Error: Expected (2 + 2 == 5), found (4 != 5)
In SimpleTest::TestMultiplication:
/Users/wehart/home/mac/src/github/cxxtest/sample/SimpleTest.h(26): Error: Expected (4 * 4 == 44), found (16 != 44)
/Users/wehart/home/mac/src/github/cxxtest/sample/SimpleTest.h(27): Error: Expected (-2 * -2 != 4), found (4)
In SimpleTest::testComparison:
/Users/wehart/home/mac/src/github/cxxtest/sample/SimpleTest.h(32): Error: Expected (-1 < -2), found (-1 >= -2)
In SimpleTest::testTheWorldIsCrazy:
/Users/wehart/home/mac/src/github/cxxtest/sample/SimpleTest.h(36): Error: Expected (true == false), found (true != false)
In SimpleTest::test_Failure:
/Users/wehart/home/mac/src/github/cxxtest/sample/SimpleTest.h(40): Error: Test failed: Not implemented
/Users/wehart/home/mac/src/github/cxxtest/sample/SimpleTest.h(41): Error: Test failed: 1569779912
In SimpleTest::test_TS_WARN_macro:
/Users/wehart/home/mac/src/github/cxxtest/sample/SimpleTest.h(45): Warning: Just a friendly warning
/Users/wehart/home/mac/src/github/cxxtest/sample/SimpleTest.h(46): Warning: Warnings don't abort the test
.
In TestFunky::testPets:
/Users/wehart/home/mac/src/github/cxxtest/sample/TraitsTest.h(53): Error: Expected (pet1 == pet2), found (Pet("dog") != Pet("cat"))
/Users/wehart/home/mac/src/github/cxxtest/sample/TraitsTest.h(55): Error: Expected (cat != gato), found (Pet("cat"))
/Users/wehart/home/mac/src/github/cxxtest/sample/TraitsTest.h(58): Error: Expected (String("Hello") == String("World!")), found ("Hello" != "World!")
Failed 12 of 14 tests
Success rate: 14%
Error level = 12
