Running 7 tests
In SimpleTest::testEquality:
sample/SimpleTest.h:16: Error: Expected (1 == 2), found (1 != 2)
sample/SimpleTest.h:17: Error: Expected ('a' == 'A'), found ('a' != 'A')
sample/SimpleTest.h:18: Error: Expected (1.0 == -12345678900000000000000000000000000000000000000000.1234), found (1.0000 != -1.2345E50)
In SimpleTest::testAddition:
sample/SimpleTest.h:24: Error: Expected (2 + 2 == 5), found (4 != 5)
In SimpleTest::TestMultiplication:
sample/SimpleTest.h:30: Error: Expected (4 * 4 == 44), found (16 != 44)
sample/SimpleTest.h:31: Error: Expected (-2 * -2 != 4), found (4)
In SimpleTest::testComparison:
sample/SimpleTest.h:37: Error: Expected (-1 < -2), found (-1 >= -2)
In SimpleTest::testTheWorldIsCrazy:
sample/SimpleTest.h:42: Error: Expected (true == false), found (true != false)
In SimpleTest::test_Failure:
sample/SimpleTest.h:47: Error: Test failed: Not implemented
sample/SimpleTest.h:48: Error: Test failed: 1569779912
In SimpleTest::test_TS_WARN_macro:
sample/SimpleTest.h:53: Warning: Just a friendly warning
sample/SimpleTest.h:54: Warning: Warnings don't abort the test
.
Failed 6 of 7 tests
Success rate: 14%
Error level = 6
