Running 1 test.
In <no suite>::<no test>:
test/../cxxtest/RealDescriptions.cpp:5: Warning: Error tearing down world
OK!
Error level = 0
