Running 1 test
In WideCharTest::testWideStringTraits:
test/WideCharTest.h:14: Error: Test failed: L"std::wstring is displayed with L\"\""
test/WideCharTest.h:16: Error: Test failed: L"\x1234\x5678"
Failed 1 of 1 test
Success rate: 0%
Error level = 1
