Number of suites: 8
Number of tests: 15
Number of failed tests: 12
Number of skipped tests: 1
Error level = 0
